../Core/Src/main.c:94:5:main	16	static
../Core/Src/main.c:154:6:SystemClock_Config	88	static
../Core/Src/main.c:196:13:MX_ADC_Init	16	static
../Core/Src/main.c:252:13:MX_SPI1_Init	8	static
../Core/Src/main.c:290:13:MX_GPIO_Init	48	static
../Core/Src/main.c:324:5:__io_putchar	16	static
../Core/Src/main.c:335:6:process_SD_card	8544	static
../Core/Src/main.c:415:7:Measurement_of_ADC_Voltage_18650	24	static
../Core/Src/main.c:432:7:Measurement_of_ADC_Voltage_CMOS	24	static
../Core/Src/main.c:450:6:Measurement_of_ADC_Current_18650	24	static
../Core/Src/main.c:468:6:Measurement_of_ADC_Current_CMOS	24	static
../Core/Src/main.c:487:6:ADC_Select_Voltage18650	16	static
../Core/Src/main.c:497:6:ADC_Select_VoltageCMOS	8	static
../Core/Src/main.c:501:6:ADC_Select_Current18650	8	static
../Core/Src/main.c:505:6:ADC_Select_CurrentCMOS	8	static
../Core/Src/main.c:509:6:Continuous_Same_State_Average	72	static
../Core/Src/main.c:523:7:Calculate_Continuous_Average	16	static
../Core/Src/main.c:534:6:Error_Handler	8	static,ignoring_inline_asm
