../Core/Src/main.c:105:5:main	24	static
../Core/Src/main.c:244:6:SystemClock_Config	112	static
../Core/Src/main.c:293:13:MX_ADC_Init	16	static
../Core/Src/main.c:373:13:MX_I2C1_Init	8	static
../Core/Src/main.c:421:13:MX_SPI1_Init	8	static
../Core/Src/main.c:459:13:MX_GPIO_Init	48	static
../Core/Src/main.c:516:5:__io_putchar	16	static
../Core/Src/main.c:527:6:process_SD_card	8408	static
../Core/Src/main.c:607:7:Measurement_of_ADC_Voltage_18650	24	static
../Core/Src/main.c:624:7:Measurement_of_ADC_Voltage_CMOS	24	static
../Core/Src/main.c:642:6:Measurement_of_ADC_Current_18650	24	static
../Core/Src/main.c:660:6:Measurement_of_ADC_Current_CMOS	24	static
../Core/Src/main.c:679:6:ADC_Select_Voltage18650	16	static
../Core/Src/main.c:689:6:ADC_Select_VoltageCMOS	16	static
../Core/Src/main.c:700:6:ADC_Select_Current18650	16	static
../Core/Src/main.c:710:6:ADC_Select_CurrentCMOS	16	static
../Core/Src/main.c:721:6:Continuous_Same_State_Average	72	static
../Core/Src/main.c:735:7:Calculate_Continuous_Average	16	static
../Core/Src/main.c:746:6:Error_Handler	8	static,ignoring_inline_asm
