../Core/Src/main.c:95:5:main	24	static
../Core/Src/main.c:303:6:SystemClock_Config	88	static
../Core/Src/main.c:342:13:MX_ADC_Init	16	static
../Core/Src/main.c:415:13:MX_GPIO_Init	48	static
../Core/Src/main.c:470:5:__io_putchar	16	static
../Core/Src/main.c:482:6:Measurement_of_ADC_Voltage_18650	24	static
../Core/Src/main.c:499:6:Measurement_of_ADC_Voltage_CMOS	24	static
../Core/Src/main.c:517:6:Measurement_of_ADC_Current_18650	24	static
../Core/Src/main.c:537:6:Measurement_of_ADC_Current_CMOS	24	static
../Core/Src/main.c:557:6:ADC_Select_Voltage18650	16	static
../Core/Src/main.c:566:6:ADC_Select_VoltageCMOS	16	static
../Core/Src/main.c:575:6:ADC_Select_Current18650	16	static
../Core/Src/main.c:584:6:ADC_Select_CurrentCMOS	16	static
../Core/Src/main.c:593:6:setNumber	8	static
../Core/Src/main.c:704:6:Error_Handler	8	static,ignoring_inline_asm
