../Core/Src/main.c:91:5:main	16	static
../Core/Src/main.c:151:6:SystemClock_Config	88	static
../Core/Src/main.c:193:13:MX_ADC_Init	16	static
../Core/Src/main.c:273:13:MX_SPI1_Init	8	static
../Core/Src/main.c:311:13:MX_GPIO_Init	48	static
../Core/Src/main.c:345:5:__io_putchar	16	static
../Core/Src/main.c:356:6:process_SD_card	8408	static
../Core/Src/main.c:436:6:Measurement_of_ADC_Voltage_18650	24	static
../Core/Src/main.c:453:6:Measurement_of_ADC_Voltage_CMOS	24	static
../Core/Src/main.c:471:6:Measurement_of_ADC_Current_18650	24	static
../Core/Src/main.c:489:6:Measurement_of_ADC_Current_CMOS	24	static
../Core/Src/main.c:508:6:ADC_Select_Voltage18650	16	static
../Core/Src/main.c:518:6:ADC_Select_VoltageCMOS	16	static
../Core/Src/main.c:529:6:ADC_Select_Current18650	16	static
../Core/Src/main.c:539:6:ADC_Select_CurrentCMOS	16	static
../Core/Src/main.c:555:6:Error_Handler	8	static,ignoring_inline_asm
