../Core/Src/main.c:97:5:main	8	static
../Core/Src/main.c:148:6:SystemClock_Config	88	static
../Core/Src/main.c:187:13:MX_ADC_Init	8	static
../Core/Src/main.c:239:13:MX_GPIO_Init	48	static
../Core/Src/main.c:294:5:__io_putchar	16	static
../Core/Src/main.c:306:6:Measurement_of_ADC_Voltage_18650	24	static
../Core/Src/main.c:326:6:Measurement_of_ADC_Voltage_CMOS	24	static
../Core/Src/main.c:347:6:Measurement_of_ADC_Current_18650	24	static
../Core/Src/main.c:372:6:Measurement_of_ADC_Current_CMOS	24	static
../Core/Src/main.c:396:6:ADC_Select_Voltage18650	16	static
../Core/Src/main.c:406:6:ADC_Select_VoltageCMOS	16	static
../Core/Src/main.c:415:6:ADC_Select_Current18650	16	static
../Core/Src/main.c:424:6:ADC_Select_CurrentCMOS	16	static
../Core/Src/main.c:433:6:setNumber	8	static
../Core/Src/main.c:553:6:User_Input_Light_Cycel	8	static
../Core/Src/main.c:639:6:Button_Debounce_Set	24	static
../Core/Src/main.c:731:6:Error_Handler	8	static,ignoring_inline_asm
