../Core/Src/main.c:115:5:main	240	static
../Core/Src/main.c:333:6:SystemClock_Config	88	static
../Core/Src/main.c:372:13:MX_ADC_Init	8	static
../Core/Src/main.c:415:13:MX_USART2_UART_Init	8	static
../Core/Src/main.c:446:13:MX_GPIO_Init	48	static
../Core/Src/main.c:512:5:__io_putchar	16	static
../Core/Src/main.c:524:6:Measurement_of_ADC_Voltage_18650	24	static
../Core/Src/main.c:544:6:Measurement_of_ADC_Voltage_CMOS	24	static
../Core/Src/main.c:565:6:Measurement_of_ADC_Current_18650	24	static
../Core/Src/main.c:590:6:Measurement_of_ADC_Current_CMOS	24	static
../Core/Src/main.c:614:6:ADC_Select_Voltage18650	16	static
../Core/Src/main.c:623:6:ADC_Select_VoltageCMOS	16	static
../Core/Src/main.c:632:6:ADC_Select_Current18650	16	static
../Core/Src/main.c:641:6:ADC_Select_CurrentCMOS	16	static
../Core/Src/main.c:650:6:setNumber	8	static
../Core/Src/main.c:770:6:User_Input_Light_Cycel	8	static
../Core/Src/main.c:831:6:Reset_The_Whole_B	8	static
../Core/Src/main.c:844:6:Set_LS_1	8	static
../Core/Src/main.c:855:6:Set_LS_2	8	static
../Core/Src/main.c:866:6:Set_LS_3	8	static
../Core/Src/main.c:877:6:Set_LS_4	8	static
../Core/Src/main.c:888:6:Set_LS_5	8	static
../Core/Src/main.c:899:6:Set_LS_6	8	static
../Core/Src/main.c:910:6:Set_LS_7	8	static
../Core/Src/main.c:921:6:Set_LS_8	8	static
../Core/Src/main.c:932:6:Set_Low	8	static
../Core/Src/main.c:937:6:Set_High	8	static
../Core/Src/main.c:942:6:Button_Debounce_Set	24	static
../Core/Src/main.c:1028:6:Error_Handler	8	static,ignoring_inline_asm
