../Core/Src/main.c:124:5:main	240	static
../Core/Src/main.c:350:6:SystemClock_Config	88	static
../Core/Src/main.c:389:13:MX_ADC_Init	8	static
../Core/Src/main.c:432:13:MX_USART2_UART_Init	8	static
../Core/Src/main.c:463:13:MX_GPIO_Init	48	static
../Core/Src/main.c:529:5:__io_putchar	16	static
../Core/Src/main.c:541:6:Measurement_of_ADC_Voltage_18650	24	static
../Core/Src/main.c:561:6:Measurement_of_ADC_Voltage_CMOS	24	static
../Core/Src/main.c:582:6:Measurement_of_ADC_Current_18650	24	static
../Core/Src/main.c:607:6:Measurement_of_ADC_Current_CMOS	24	static
../Core/Src/main.c:631:6:ADC_Select_Voltage18650	16	static
../Core/Src/main.c:640:6:ADC_Select_VoltageCMOS	16	static
../Core/Src/main.c:649:6:ADC_Select_Current18650	16	static
../Core/Src/main.c:658:6:ADC_Select_CurrentCMOS	16	static
../Core/Src/main.c:667:6:AdjustStateTo0	8	static
../Core/Src/main.c:682:6:AdjustStateTo1	8	static
../Core/Src/main.c:696:6:AdjustStateTo2	8	static
../Core/Src/main.c:711:6:AdjustStateTo3	8	static
../Core/Src/main.c:726:6:AdjustStateTo4	8	static
../Core/Src/main.c:741:6:AdjustStateTo5	8	static
../Core/Src/main.c:756:6:AdjustStateTo6	8	static
../Core/Src/main.c:771:6:AdjustStateTo7	8	static
../Core/Src/main.c:786:6:setNumber	8	static
../Core/Src/main.c:824:6:User_Input_Light_Cycel	8	static
../Core/Src/main.c:885:6:Reset_The_Whole_B	8	static
../Core/Src/main.c:898:6:Set_LS_1	8	static
../Core/Src/main.c:909:6:Set_LS_2	8	static
../Core/Src/main.c:920:6:Set_LS_3	8	static
../Core/Src/main.c:931:6:Set_LS_4	8	static
../Core/Src/main.c:942:6:Set_LS_5	8	static
../Core/Src/main.c:953:6:Set_LS_6	8	static
../Core/Src/main.c:964:6:Set_LS_7	8	static
../Core/Src/main.c:975:6:Set_LS_8	8	static
../Core/Src/main.c:986:6:Set_Low	8	static
../Core/Src/main.c:991:6:Set_High	8	static
../Core/Src/main.c:996:6:Button_Debounce_Set	24	static
../Core/Src/main.c:1086:6:Error_Handler	8	static,ignoring_inline_asm
