../Core/Src/main.c:100:5:main	232	static
../Core/Src/main.c:168:6:SystemClock_Config	88	static
../Core/Src/main.c:207:13:MX_ADC_Init	8	static
../Core/Src/main.c:250:13:MX_USART2_UART_Init	8	static
../Core/Src/main.c:281:13:MX_GPIO_Init	48	static
../Core/Src/main.c:347:5:__io_putchar	16	static
../Core/Src/main.c:359:6:Measurement_of_ADC_Voltage_18650	24	static
../Core/Src/main.c:379:6:Measurement_of_ADC_Voltage_CMOS	24	static
../Core/Src/main.c:400:6:Measurement_of_ADC_Current_18650	24	static
../Core/Src/main.c:425:6:Measurement_of_ADC_Current_CMOS	24	static
../Core/Src/main.c:449:6:ADC_Select_Voltage18650	16	static
../Core/Src/main.c:458:6:ADC_Select_VoltageCMOS	16	static
../Core/Src/main.c:467:6:ADC_Select_Current18650	16	static
../Core/Src/main.c:476:6:ADC_Select_CurrentCMOS	16	static
../Core/Src/main.c:485:6:setNumber	8	static
../Core/Src/main.c:605:6:User_Input_Light_Cycel	8	static
../Core/Src/main.c:666:6:Button_Debounce_Set	24	static
../Core/Src/main.c:749:6:Error_Handler	8	static,ignoring_inline_asm
