../Core/Src/main.c:99:5:main	200	static
../Core/Src/main.c:163:6:SystemClock_Config	88	static
../Core/Src/main.c:202:13:MX_ADC_Init	8	static
../Core/Src/main.c:248:13:MX_USART2_UART_Init	8	static
../Core/Src/main.c:283:13:MX_GPIO_Init	48	static
../Core/Src/main.c:353:5:__io_putchar	16	static
../Core/Src/main.c:365:6:Measurement_of_ADC_Voltage_18650	24	static
../Core/Src/main.c:385:6:Measurement_of_ADC_Voltage_CMOS	24	static
../Core/Src/main.c:406:6:Measurement_of_ADC_Current_18650	24	static
../Core/Src/main.c:431:6:Measurement_of_ADC_Current_CMOS	24	static
../Core/Src/main.c:455:6:ADC_Select_Voltage18650	16	static
../Core/Src/main.c:465:6:ADC_Select_VoltageCMOS	16	static
../Core/Src/main.c:474:6:ADC_Select_Current18650	16	static
../Core/Src/main.c:483:6:ADC_Select_CurrentCMOS	16	static
../Core/Src/main.c:492:6:setNumber	8	static
../Core/Src/main.c:612:6:User_Input_Light_Cycel	8	static
../Core/Src/main.c:698:6:Button_Debounce_Set	24	static
../Core/Src/main.c:790:6:Error_Handler	8	static,ignoring_inline_asm
