../Core/Src/main.c:124:5:main	240	static
../Core/Src/main.c:348:6:SystemClock_Config	88	static
../Core/Src/main.c:387:13:MX_ADC_Init	8	static
../Core/Src/main.c:430:13:MX_USART2_UART_Init	8	static
../Core/Src/main.c:461:13:MX_GPIO_Init	48	static
../Core/Src/main.c:524:5:__io_putchar	16	static
../Core/Src/main.c:536:6:Measurement_of_ADC_Voltage_18650	24	static
../Core/Src/main.c:556:6:Measurement_of_ADC_Voltage_CMOS	24	static
../Core/Src/main.c:577:6:Measurement_of_ADC_Current_18650	24	static
../Core/Src/main.c:602:6:Measurement_of_ADC_Current_CMOS	24	static
../Core/Src/main.c:626:6:ADC_Select_Voltage18650	16	static
../Core/Src/main.c:635:6:ADC_Select_VoltageCMOS	16	static
../Core/Src/main.c:644:6:ADC_Select_Current18650	16	static
../Core/Src/main.c:653:6:ADC_Select_CurrentCMOS	16	static
../Core/Src/main.c:662:6:setNumber	8	static
../Core/Src/main.c:699:6:AdjustStateTo0	8	static
../Core/Src/main.c:714:6:AdjustStateTo1	8	static
../Core/Src/main.c:728:6:AdjustStateTo2	8	static
../Core/Src/main.c:743:6:AdjustStateTo3	8	static
../Core/Src/main.c:758:6:AdjustStateTo4	8	static
../Core/Src/main.c:773:6:AdjustStateTo5	8	static
../Core/Src/main.c:788:6:AdjustStateTo6	8	static
../Core/Src/main.c:803:6:AdjustStateTo7	8	static
../Core/Src/main.c:818:6:User_Input_Light_Cycle	8	static
../Core/Src/main.c:879:6:Reset_The_Whole_B	8	static
../Core/Src/main.c:892:6:Set_LS_1	8	static
../Core/Src/main.c:903:6:Set_LS_2	8	static
../Core/Src/main.c:914:6:Set_LS_3	8	static
../Core/Src/main.c:925:6:Set_LS_4	8	static
../Core/Src/main.c:936:6:Set_LS_5	8	static
../Core/Src/main.c:947:6:Set_LS_6	8	static
../Core/Src/main.c:958:6:Set_LS_7	8	static
../Core/Src/main.c:969:6:Set_LS_8	8	static
../Core/Src/main.c:980:6:Set_Low	8	static
../Core/Src/main.c:985:6:Set_High	8	static
../Core/Src/main.c:990:6:Button_Debounce_Set	24	static
../Core/Src/main.c:1118:6:Error_Handler	8	static,ignoring_inline_asm
