../Core/Src/main.c:160:5:main	240	static
../Core/Src/main.c:477:6:SystemClock_Config	112	static
../Core/Src/main.c:528:13:MX_ADC_Init	16	static
../Core/Src/main.c:575:13:MX_USART2_UART_Init	8	static
../Core/Src/main.c:610:13:MX_GPIO_Init	48	static
../Core/Src/main.c:686:5:__io_putchar	16	static
../Core/Src/main.c:719:6:Measurement_of_ADC_Voltage_18650	24	static
../Core/Src/main.c:748:6:Measurement_of_ADC_Voltage_CMOS	24	static
../Core/Src/main.c:780:6:Measurement_of_ADC_Voltage_DiffAmp_18650	24	static
../Core/Src/main.c:814:7:Convert_Measurement_of_ADC_Voltage_DiffAmp_18650_to_Current_of_18650	24	static
../Core/Src/main.c:848:6:Measurement_of_ADC_Voltage_DiffAmp_CMOS	24	static
../Core/Src/main.c:881:7:Convert_Measurement_of_ADC_Voltage_DiffAmp_CMOS_to_Current_of_CMOS	24	static
../Core/Src/main.c:912:6:ADC_Select_Voltage18650	16	static
../Core/Src/main.c:926:6:ADC_Select_VoltageCMOS	16	static
../Core/Src/main.c:940:6:ADC_Select_Current18650	16	static
../Core/Src/main.c:954:6:ADC_Select_CurrentCMOS	16	static
../Core/Src/main.c:969:6:setNumber	8	static
../Core/Src/main.c:1072:7:Threshold	16	static
../Core/Src/main.c:1123:6:AdjustStateTo0	8	static
../Core/Src/main.c:1141:6:AdjustStateTo1	8	static
../Core/Src/main.c:1158:6:AdjustStateTo2	8	static
../Core/Src/main.c:1176:6:AdjustStateTo3	8	static
../Core/Src/main.c:1194:6:AdjustStateTo4	8	static
../Core/Src/main.c:1212:6:AdjustStateTo5	8	static
../Core/Src/main.c:1230:6:AdjustStateTo6	8	static
../Core/Src/main.c:1248:6:AdjustStateTo7	8	static
../Core/Src/main.c:1277:6:AdjustValueInTo0	8	static
../Core/Src/main.c:1293:6:AdjustValueInTo1	8	static
../Core/Src/main.c:1308:6:AdjustValueInTo2	8	static
../Core/Src/main.c:1324:6:AdjustValueInTo3	8	static
../Core/Src/main.c:1340:6:AdjustValueInTo4	8	static
../Core/Src/main.c:1356:6:AdjustValueInTo5	8	static
../Core/Src/main.c:1372:6:AdjustValueInTo6	8	static
../Core/Src/main.c:1388:6:AdjustValueInTo7	8	static
../Core/Src/main.c:1409:6:User_Input_Light_Cycle	8	static
../Core/Src/main.c:1460:6:Button_Debounce_Set	24	static
../Core/Src/main.c:1586:6:read_from_SD_board	192	static
../Core/Src/main.c:1657:6:Reset_The_Whole_B	8	static
../Core/Src/main.c:1676:6:Set_LS_1	8	static
../Core/Src/main.c:1692:6:Set_LS_2	8	static
../Core/Src/main.c:1708:6:Set_LS_3	8	static
../Core/Src/main.c:1724:6:Set_LS_4	8	static
../Core/Src/main.c:1740:6:Set_LS_5	8	static
../Core/Src/main.c:1756:6:Set_LS_6	8	static
../Core/Src/main.c:1772:6:Set_LS_7	8	static
../Core/Src/main.c:1788:6:Set_LS_8	8	static
../Core/Src/main.c:1804:6:Set_Low	8	static
../Core/Src/main.c:1814:6:Set_High	8	static
../Core/Src/main.c:1826:6:Error_Handler	8	static,ignoring_inline_asm
