../Core/Src/main.c:154:5:main	240	static
../Core/Src/main.c:443:6:SystemClock_Config	88	static
../Core/Src/main.c:482:13:MX_ADC_Init	8	static
../Core/Src/main.c:525:13:MX_USART2_UART_Init	8	static
../Core/Src/main.c:556:13:MX_GPIO_Init	48	static
../Core/Src/main.c:619:5:__io_putchar	16	static
../Core/Src/main.c:652:6:Measurement_of_ADC_Voltage_18650	24	static
../Core/Src/main.c:681:6:Measurement_of_ADC_Voltage_CMOS	24	static
../Core/Src/main.c:714:7:Convert_Measurement_of_ADC_Voltage_DiffAmp_18650_to_Current_of_18650	24	static
../Core/Src/main.c:742:6:Measurement_of_ADC_Voltage_DiffAmp_18650	24	static
../Core/Src/main.c:763:7:Convert_Measurement_of_ADC_Voltage_DiffAmp_CMOS_to_Current_of_CMOS	24	static
../Core/Src/main.c:789:7:Threshold	16	static
../Core/Src/main.c:824:6:Measurement_of_ADC_Voltage_DiffAmp_CMOS	24	static
../Core/Src/main.c:850:6:ADC_Select_Voltage18650	16	static
../Core/Src/main.c:864:6:ADC_Select_VoltageCMOS	16	static
../Core/Src/main.c:878:6:ADC_Select_Current18650	16	static
../Core/Src/main.c:892:6:ADC_Select_CurrentCMOS	16	static
../Core/Src/main.c:907:6:setNumber	8	static
../Core/Src/main.c:1013:6:AdjustStateTo0	8	static
../Core/Src/main.c:1031:6:AdjustStateTo1	8	static
../Core/Src/main.c:1048:6:AdjustStateTo2	8	static
../Core/Src/main.c:1066:6:AdjustStateTo3	8	static
../Core/Src/main.c:1084:6:AdjustStateTo4	8	static
../Core/Src/main.c:1102:6:AdjustStateTo5	8	static
../Core/Src/main.c:1120:6:AdjustStateTo6	8	static
../Core/Src/main.c:1138:6:AdjustStateTo7	8	static
../Core/Src/main.c:1167:6:AdjustValueInTo0	8	static
../Core/Src/main.c:1183:6:AdjustValueInTo1	8	static
../Core/Src/main.c:1198:6:AdjustValueInTo2	8	static
../Core/Src/main.c:1214:6:AdjustValueInTo3	8	static
../Core/Src/main.c:1230:6:AdjustValueInTo4	8	static
../Core/Src/main.c:1246:6:AdjustValueInTo5	8	static
../Core/Src/main.c:1262:6:AdjustValueInTo6	8	static
../Core/Src/main.c:1278:6:AdjustValueInTo7	8	static
../Core/Src/main.c:1299:6:User_Input_Light_Cycle	8	static
../Core/Src/main.c:1350:6:Button_Debounce_Set	24	static
../Core/Src/main.c:1447:6:Reset_The_Whole_B	8	static
../Core/Src/main.c:1466:6:Set_LS_1	8	static
../Core/Src/main.c:1482:6:Set_LS_2	8	static
../Core/Src/main.c:1498:6:Set_LS_3	8	static
../Core/Src/main.c:1514:6:Set_LS_4	8	static
../Core/Src/main.c:1530:6:Set_LS_5	8	static
../Core/Src/main.c:1546:6:Set_LS_6	8	static
../Core/Src/main.c:1562:6:Set_LS_7	8	static
../Core/Src/main.c:1578:6:Set_LS_8	8	static
../Core/Src/main.c:1594:6:Set_Low	8	static
../Core/Src/main.c:1604:6:Set_High	8	static
../Core/Src/main.c:1616:6:Error_Handler	8	static,ignoring_inline_asm
