../Core/Src/main.c:100:5:main	232	static
../Core/Src/main.c:171:6:SystemClock_Config	88	static
../Core/Src/main.c:210:13:MX_ADC_Init	8	static
../Core/Src/main.c:256:13:MX_USART2_UART_Init	8	static
../Core/Src/main.c:291:13:MX_GPIO_Init	48	static
../Core/Src/main.c:361:5:__io_putchar	16	static
../Core/Src/main.c:373:6:Measurement_of_ADC_Voltage_18650	24	static
../Core/Src/main.c:393:6:Measurement_of_ADC_Voltage_CMOS	24	static
../Core/Src/main.c:414:6:Measurement_of_ADC_Current_18650	24	static
../Core/Src/main.c:439:6:Measurement_of_ADC_Current_CMOS	24	static
../Core/Src/main.c:463:6:ADC_Select_Voltage18650	16	static
../Core/Src/main.c:473:6:ADC_Select_VoltageCMOS	16	static
../Core/Src/main.c:482:6:ADC_Select_Current18650	16	static
../Core/Src/main.c:491:6:ADC_Select_CurrentCMOS	16	static
../Core/Src/main.c:500:6:setNumber	8	static
../Core/Src/main.c:620:6:User_Input_Light_Cycel	8	static
../Core/Src/main.c:706:6:Button_Debounce_Set	24	static
../Core/Src/main.c:798:6:Error_Handler	8	static,ignoring_inline_asm
