../Core/Src/main.c:100:5:main	16	static
../Core/Src/main.c:187:6:SystemClock_Config	88	static
../Core/Src/main.c:229:13:MX_ADC_Init	16	static
../Core/Src/main.c:309:13:MX_SPI1_Init	8	static
../Core/Src/main.c:347:13:MX_GPIO_Init	48	static
../Core/Src/main.c:397:5:__io_putchar	16	static
../Core/Src/main.c:408:6:process_SD_card	8448	static
../Core/Src/main.c:449:7:Measurement_of_ADC_Voltage_18650	24	static
../Core/Src/main.c:466:7:Measurement_of_ADC_Voltage_CMOS	24	static
../Core/Src/main.c:484:6:Measurement_of_ADC_Current_18650	24	static
../Core/Src/main.c:502:6:Measurement_of_ADC_Current_CMOS	24	static
../Core/Src/main.c:521:6:ADC_Select_Voltage18650	16	static
../Core/Src/main.c:531:6:ADC_Select_VoltageCMOS	16	static
../Core/Src/main.c:542:6:ADC_Select_Current18650	16	static
../Core/Src/main.c:552:6:ADC_Select_CurrentCMOS	16	static
../Core/Src/main.c:563:6:readNumber	8	static
../Core/Src/main.c:729:6:Error_Handler	8	static,ignoring_inline_asm
