../Core/Src/main.c:94:5:main	16	static
../Core/Src/main.c:154:6:SystemClock_Config	88	static
../Core/Src/main.c:195:13:MX_ADC_Init	8	static
../Core/Src/main.c:241:13:MX_SPI1_Init	8	static
../Core/Src/main.c:275:13:MX_GPIO_Init	48	static
../Core/Src/main.c:327:5:__io_putchar	16	static
../Core/Src/main.c:339:6:process_SD_card	8896	static
../Core/Src/main.c:377:6:Measurement_of_ADC_Voltage_18650	24	static
../Core/Src/main.c:398:6:Measurement_of_ADC_Voltage_CMOS	24	static
../Core/Src/main.c:420:6:Measurement_of_ADC_Current_18650	24	static
../Core/Src/main.c:443:6:Measurement_of_ADC_Current_CMOS	24	static
../Core/Src/main.c:467:6:ADC_Select_Voltage18650	16	static
../Core/Src/main.c:476:6:ADC_Select_VoltageCMOS	16	static
../Core/Src/main.c:485:6:ADC_Select_Current18650	16	static
../Core/Src/main.c:494:6:ADC_Select_CurrentCMOS	16	static
../Core/Src/main.c:503:6:readNumber	8	static
../Core/Src/main.c:604:6:Error_Handler	8	static,ignoring_inline_asm
