../Core/Src/main.c:104:5:main	224	static
../Core/Src/main.c:184:6:SystemClock_Config	112	static
../Core/Src/main.c:233:13:MX_ADC_Init	8	static
../Core/Src/main.c:282:13:MX_SPI1_Init	8	static
../Core/Src/main.c:320:13:MX_USART2_UART_Init	8	static
../Core/Src/main.c:355:13:MX_GPIO_Init	48	static
../Core/Src/main.c:405:5:__io_putchar	16	static
../Core/Src/main.c:430:6:process_SD_card	8912	static
../Core/Src/main.c:481:5:read_SD	8328	static
../Core/Src/main.c:557:6:communicate_value	24	static
../Core/Src/main.c:634:6:Measurement_of_ADC_Voltage_18650	24	static
../Core/Src/main.c:664:6:Measurement_of_ADC_Voltage_CMOS	24	static
../Core/Src/main.c:694:6:Measurement_of_ADC_Current_18650	24	static
../Core/Src/main.c:725:6:Measurement_of_ADC_Current_CMOS	24	static
../Core/Src/main.c:749:6:Measurement_of_Load_Voltage	24	static
../Core/Src/main.c:778:6:ADC_Select_Load_Voltage	16	static
../Core/Src/main.c:787:6:ADC_Select_Voltage18650	16	static
../Core/Src/main.c:801:6:ADC_Select_VoltageCMOS	16	static
../Core/Src/main.c:815:6:ADC_Select_Current18650	16	static
../Core/Src/main.c:829:6:ADC_Select_CurrentCMOS	16	static
../Core/Src/main.c:846:6:readNumber	8	static
../Core/Src/main.c:961:7:Convert_Measurement_of_ADC_Voltage_DiffAmp_to_Current_CMOS	16	static
../Core/Src/main.c:983:7:Convert_Measurement_of_ADC_Voltage_DiffAmp_to_Current_18650	16	static
../Core/Src/main.c:1003:6:Error_Handler	8	static,ignoring_inline_asm
