../Core/Src/main.c:103:5:main	224	static
../Core/Src/main.c:179:6:SystemClock_Config	112	static
../Core/Src/main.c:228:13:MX_ADC_Init	8	static
../Core/Src/main.c:277:13:MX_SPI1_Init	8	static
../Core/Src/main.c:315:13:MX_USART2_UART_Init	8	static
../Core/Src/main.c:350:13:MX_GPIO_Init	48	static
../Core/Src/main.c:400:5:__io_putchar	16	static
../Core/Src/main.c:425:6:process_SD_card	8912	static
../Core/Src/main.c:488:6:Measurement_of_ADC_Voltage_18650	24	static
../Core/Src/main.c:518:6:Measurement_of_ADC_Voltage_CMOS	24	static
../Core/Src/main.c:548:6:Measurement_of_ADC_Current_18650	24	static
../Core/Src/main.c:579:6:Measurement_of_ADC_Current_CMOS	24	static
../Core/Src/main.c:603:6:Measurement_of_Load_Voltage	24	static
../Core/Src/main.c:632:6:ADC_Select_Load_Voltage	16	static
../Core/Src/main.c:641:6:ADC_Select_Voltage18650	16	static
../Core/Src/main.c:655:6:ADC_Select_VoltageCMOS	16	static
../Core/Src/main.c:669:6:ADC_Select_Current18650	16	static
../Core/Src/main.c:683:6:ADC_Select_CurrentCMOS	16	static
../Core/Src/main.c:700:6:readNumber	8	static
../Core/Src/main.c:815:7:Convert_Measurement_of_ADC_Voltage_DiffAmp_to_Current_CMOS	16	static
../Core/Src/main.c:837:7:Convert_Measurement_of_ADC_Voltage_DiffAmp_to_Current_18650	16	static
../Core/Src/main.c:857:6:Error_Handler	8	static,ignoring_inline_asm
