../Core/Src/main.c:96:5:main	16	static
../Core/Src/main.c:158:6:SystemClock_Config	88	static
../Core/Src/main.c:202:13:MX_ADC_Init	16	static
../Core/Src/main.c:282:13:MX_SPI1_Init	8	static
../Core/Src/main.c:320:13:MX_GPIO_Init	48	static
../Core/Src/main.c:370:5:__io_putchar	16	static
../Core/Src/main.c:395:6:process_SD_card	8896	static
../Core/Src/main.c:456:6:Measurement_of_ADC_Voltage_18650	24	static
../Core/Src/main.c:486:6:Measurement_of_ADC_Voltage_CMOS	24	static
../Core/Src/main.c:516:6:Measurement_of_ADC_Current_18650	24	static
../Core/Src/main.c:547:6:Measurement_of_ADC_Current_CMOS	24	static
../Core/Src/main.c:576:6:ADC_Select_Voltage18650	16	static
../Core/Src/main.c:590:6:ADC_Select_VoltageCMOS	16	static
../Core/Src/main.c:604:6:ADC_Select_Current18650	16	static
../Core/Src/main.c:618:6:ADC_Select_CurrentCMOS	16	static
../Core/Src/main.c:635:6:readNumber	8	static
../Core/Src/main.c:750:7:Convert_Measurement_of_ADC_Voltage_DiffAmp_to_Current_CMOS	16	static
../Core/Src/main.c:772:7:Convert_Measurement_of_ADC_Voltage_DiffAmp_to_Current_18650	16	static
../Core/Src/main.c:792:6:Error_Handler	8	static,ignoring_inline_asm
