../Core/Src/main.c:100:5:main	16	static
../Core/Src/main.c:192:6:SystemClock_Config	88	static
../Core/Src/main.c:234:13:MX_ADC_Init	16	static
../Core/Src/main.c:314:13:MX_SPI1_Init	8	static
../Core/Src/main.c:352:13:MX_GPIO_Init	48	static
../Core/Src/main.c:402:5:__io_putchar	16	static
../Core/Src/main.c:413:6:process_SD_card	8448	static
../Core/Src/main.c:454:7:Measurement_of_ADC_Voltage_18650	24	static
../Core/Src/main.c:471:7:Measurement_of_ADC_Voltage_CMOS	24	static
../Core/Src/main.c:489:6:Measurement_of_ADC_Current_18650	24	static
../Core/Src/main.c:507:6:Measurement_of_ADC_Current_CMOS	24	static
../Core/Src/main.c:526:6:ADC_Select_Voltage18650	16	static
../Core/Src/main.c:536:6:ADC_Select_VoltageCMOS	16	static
../Core/Src/main.c:547:6:ADC_Select_Current18650	16	static
../Core/Src/main.c:557:6:ADC_Select_CurrentCMOS	16	static
../Core/Src/main.c:568:6:readNumber	8	static
../Core/Src/main.c:744:6:Error_Handler	8	static,ignoring_inline_asm
