../Core/Src/main.c:97:5:main	16	static
../Core/Src/main.c:159:6:SystemClock_Config	88	static
../Core/Src/main.c:203:13:MX_ADC_Init	16	static
../Core/Src/main.c:283:13:MX_SPI1_Init	8	static
../Core/Src/main.c:321:13:MX_GPIO_Init	48	static
../Core/Src/main.c:371:5:__io_putchar	16	static
../Core/Src/main.c:396:6:process_SD_card	8896	static
../Core/Src/main.c:457:6:Measurement_of_ADC_Voltage_18650	24	static
../Core/Src/main.c:487:6:Measurement_of_ADC_Voltage_CMOS	24	static
../Core/Src/main.c:517:6:Measurement_of_ADC_Current_18650	24	static
../Core/Src/main.c:548:6:Measurement_of_ADC_Current_CMOS	24	static
../Core/Src/main.c:577:6:ADC_Select_Voltage18650	16	static
../Core/Src/main.c:591:6:ADC_Select_VoltageCMOS	16	static
../Core/Src/main.c:605:6:ADC_Select_Current18650	16	static
../Core/Src/main.c:619:6:ADC_Select_CurrentCMOS	16	static
../Core/Src/main.c:636:6:readNumber	8	static
../Core/Src/main.c:732:7:Convert_Measurement_of_ADC_Voltage_DiffAmp_to_Current_18650	16	static
../Core/Src/main.c:744:7:Convert_Measurement_of_ADC_Voltage_DiffAmp_to_Current_CMOS	16	static
../Core/Src/main.c:762:6:Error_Handler	8	static,ignoring_inline_asm
