17:51:24 **** Incremental Build of configuration Debug for project Writing_Tool_Prototype ****
make -j16 all 
arm-none-eabi-gcc -o "Writing_Tool_Prototype.elf" @"objects.list"   -mcpu=cortex-m0plus -T"C:\Users\zlink\OneDrive\Documents\GitHub\Low_Powered_STM32_Project\Writing_Tool_Prototype\STM32L010RBTX_FLASH.ld" --specs=nosys.specs -Wl,-Map="Writing_Tool_Prototype.map" -Wl,--gc-sections -static --specs=nano.specs -mfloat-abi=soft -mthumb -u _printf_float -u _scanf_float -Wl,--start-group -lc -lm -Wl,--end-group
Finished building target: Writing_Tool_Prototype.elf
 
arm-none-eabi-size  Writing_Tool_Prototype.elf 
arm-none-eabi-objdump -h -S Writing_Tool_Prototype.elf  > "Writing_Tool_Prototype.list"
   text	   data	    bss	    dec	    hex	filename
  62240	    500	   2692	  65432	   ff98	Writing_Tool_Prototype.elf
Finished building: default.size.stdout
 
Finished building: Writing_Tool_Prototype.list
 

17:51:25 Build Finished. 0 errors, 0 warnings. (took 597ms)

